Command line invocation:
    /Applications/Xcode.app/Contents/Developer/usr/bin/xcodebuild build -project Sonar.xcodeproj -scheme Sonar -destination generic/platform=iOS -configuration Debug -onlyUsePackageVersionsFromResolvedFile -skipPackageUpdates -derivedDataPath build/dev -allowProvisioningUpdates DEVELOPMENT_TEAM=H2768P4284 CODE_SIGN_STYLE=Automatic

Build settings from command line:
    CODE_SIGN_STYLE = Automatic
    DEVELOPMENT_TEAM = H2768P4284

Resolve Package Graph

Fetching from https://github.com/livekit/livekit-uniffi-xcframework.git (cached)

Fetching from https://github.com/apple/swift-argument-parser.git (cached)

Fetching from https://github.com/huggingface/swift-jinja.git (cached)

Fetching from https://github.com/livekit/client-sdk-swift (cached)

Fetching from https://github.com/ibireme/yyjson.git (cached)

Fetching from https://github.com/apple/swift-protobuf.git (cached)

Fetching from https://github.com/huggingface/swift-transformers.git (cached)

Fetching from https://github.com/apple/swift-asn1.git (cached)

Fetching from https://github.com/apple/swift-crypto.git (cached)

Fetching from https://github.com/apple/swift-collections.git (cached)

Fetching from https://github.com/livekit/webrtc-xcframework.git (cached)

Fetching from https://github.com/argmaxinc/argmax-oss-swift.git (cached)

Creating working copy of package ‘swift-argument-parser’

Creating working copy of package ‘swift-transformers’

Creating working copy of package ‘swift-protobuf’

Creating working copy of package ‘swift-asn1’

Creating working copy of package ‘swift-crypto’

Creating working copy of package ‘client-sdk-swift’

Creating working copy of package ‘swift-collections’

Creating working copy of package ‘livekit-uniffi-xcframework’

Creating working copy of package ‘yyjson’

Creating working copy of package ‘swift-jinja’

Creating working copy of package ‘webrtc-xcframework’

Creating working copy of package ‘argmax-oss-swift’

Checking out 2.3.5 of package ‘swift-jinja’

Checking out 0.12.0 of package ‘yyjson’

Checking out 0.0.5 of package ‘livekit-uniffi-xcframework’

Checking out 1.4.1 of package ‘swift-collections’

Checking out 1.1.9 of package ‘swift-transformers’

Checking out 0.18.0 of package ‘argmax-oss-swift’

Checking out 144.7559.3 of package ‘webrtc-xcframework’

Checking out 4.5.0 of package ‘swift-crypto’

Checking out 1.7.1 of package ‘swift-argument-parser’

Checking out 1.7.0 of package ‘swift-asn1’

Checking out 2.13.0 of package ‘client-sdk-swift’

Checking out 1.37.0 of package ‘swift-protobuf’


Resolved source packages:
  swift-collections: https://github.com/apple/swift-collections.git @ 1.4.1
  swift-transformers: https://github.com/huggingface/swift-transformers.git @ 1.1.9
  swift-asn1: https://github.com/apple/swift-asn1.git @ 1.7.0
  whisperkit: https://github.com/argmaxinc/argmax-oss-swift.git @ 0.18.0
  LiveKitWebRTC: https://github.com/livekit/webrtc-xcframework.git @ 144.7559.3
  yyjson: https://github.com/ibireme/yyjson.git @ 0.12.0
  swift-argument-parser: https://github.com/apple/swift-argument-parser.git @ 1.7.1
  LiveKitUniFFI: https://github.com/livekit/livekit-uniffi-xcframework.git @ 0.0.5
  Jinja: https://github.com/huggingface/swift-jinja.git @ 2.3.5
  LiveKit: https://github.com/livekit/client-sdk-swift @ 2.13.0
  SwiftProtobuf: https://github.com/apple/swift-protobuf.git @ 1.37.0
  swift-crypto: https://github.com/apple/swift-crypto.git @ 4.5.0

ComputePackagePrebuildTargetDependencyGraph

Prepare packages

CreateBuildRequest

SendProjectDescription

CreateBuildOperation

ComputeTargetDependencyGraph
note: Building targets in dependency order
note: Target dependency graph (29 targets)
    Target 'Sonar' in project 'Sonar'
        ➜ Explicit dependency on target 'LiveKit' in project 'LiveKit'
        ➜ Explicit dependency on target 'WhisperKit' in project 'whisperkit'
    Target 'WhisperKit' in project 'whisperkit'
        ➜ Explicit dependency on target 'WhisperKit' in project 'whisperkit'
        ➜ Explicit dependency on target 'ArgmaxCore' in project 'whisperkit'
        ➜ Explicit dependency on target 'Hub' in project 'swift-transformers'
        ➜ Explicit dependency on target 'Tokenizers' in project 'swift-transformers'
    Target 'WhisperKit' in project 'whisperkit'
        ➜ Explicit dependency on target 'ArgmaxCore' in project 'whisperkit'
        ➜ Explicit dependency on target 'Hub' in project 'swift-transformers'
        ➜ Explicit dependency on target 'Tokenizers' in project 'swift-transformers'
    Target 'Tokenizers' in project 'swift-transformers'
        ➜ Explicit dependency on target 'Tokenizers' in project 'swift-transformers'
        ➜ Explicit dependency on target 'Hub' in project 'swift-transformers'
        ➜ Explicit dependency on target 'Jinja' in project 'Jinja'
        ➜ Explicit dependency on target 'OrderedCollections' in project 'swift-collections'
        ➜ Explicit dependency on target 'Crypto' in project 'swift-crypto'
        ➜ Explicit dependency on target 'yyjson' in project 'yyjson'
    Target 'Tokenizers' in project 'swift-transformers'
        ➜ Explicit dependency on target 'Hub' in project 'swift-transformers'
        ➜ Explicit dependency on target 'Jinja' in project 'Jinja'
        ➜ Explicit dependency on target 'OrderedCollections' in project 'swift-collections'
        ➜ Explicit dependency on target 'Crypto' in project 'swift-crypto'
        ➜ Explicit dependency on target 'yyjson' in project 'yyjson'
    Target 'ArgmaxCore' in project 'whisperkit'
        ➜ Explicit dependency on target 'Hub' in project 'swift-transformers'
    Target 'Hub' in project 'swift-transformers'
        ➜ Explicit dependency on target 'Hub' in project 'swift-transformers'
        ➜ Explicit dependency on target 'swift-transformers_Hub' in project 'swift-transformers'
        ➜ Explicit dependency on target 'Jinja' in project 'Jinja'
        ➜ Explicit dependency on target 'OrderedCollections' in project 'swift-collections'
        ➜ Explicit dependency on target 'Crypto' in project 'swift-crypto'
        ➜ Explicit dependency on target 'yyjson' in project 'yyjson'
    Target 'Hub' in project 'swift-transformers'
        ➜ Explicit dependency on target 'swift-transformers_Hub' in project 'swift-transformers'
        ➜ Explicit dependency on target 'Jinja' in project 'Jinja'
        ➜ Explicit dependency on target 'OrderedCollections' in project 'swift-collections'
        ➜ Explicit dependency on target 'Crypto' in project 'swift-crypto'
        ➜ Explicit dependency on target 'yyjson' in project 'yyjson'
    Target 'yyjson' in project 'yyjson'
        ➜ Explicit dependency on target 'yyjson' in project 'yyjson'
    Target 'yyjson' in project 'yyjson' (no dependencies)
    Target 'Crypto' in project 'swift-crypto'
        ➜ Explicit dependency on target 'Crypto' in project 'swift-crypto'
        ➜ Explicit dependency on target 'swift-crypto_Crypto' in project 'swift-crypto'
    Target 'Crypto' in project 'swift-crypto'
        ➜ Explicit dependency on target 'swift-crypto_Crypto' in project 'swift-crypto'
    Target 'swift-crypto_Crypto' in project 'swift-crypto' (no dependencies)
    Target 'Jinja' in project 'Jinja'
        ➜ Explicit dependency on target 'Jinja' in project 'Jinja'
        ➜ Explicit dependency on target 'OrderedCollections' in project 'swift-collections'
    Target 'Jinja' in project 'Jinja'
        ➜ Explicit dependency on target 'OrderedCollections' in project 'swift-collections'
    Target 'OrderedCollections' in project 'swift-collections'
        ➜ Explicit dependency on target 'OrderedCollections' in project 'swift-collections'
        ➜ Explicit dependency on target 'InternalCollectionsUtilities' in project 'swift-collections'
    Target 'OrderedCollections' in project 'swift-collections'
        ➜ Explicit dependency on target 'InternalCollectionsUtilities' in project 'swift-collections'
    Target 'InternalCollectionsUtilities' in project 'swift-collections' (no dependencies)
    Target 'swift-transformers_Hub' in project 'swift-transformers' (no dependencies)
    Target 'LiveKit' in project 'LiveKit'
        ➜ Explicit dependency on target 'LiveKit' in project 'LiveKit'
        ➜ Explicit dependency on target 'LiveKit_LiveKit' in project 'LiveKit'
        ➜ Explicit dependency on target 'LKObjCHelpers' in project 'LiveKit'
        ➜ Explicit dependency on target 'LiveKitWebRTC' in project 'LiveKitWebRTC'
        ➜ Explicit dependency on target 'LiveKitUniFFI' in project 'LiveKitUniFFI'
        ➜ Explicit dependency on target 'SwiftProtobuf' in project 'SwiftProtobuf'
    Target 'LiveKit' in project 'LiveKit'
        ➜ Explicit dependency on target 'LiveKit_LiveKit' in project 'LiveKit'
        ➜ Explicit dependency on target 'LKObjCHelpers' in project 'LiveKit'
        ➜ Explicit dependency on target 'LiveKitWebRTC' in project 'LiveKitWebRTC'
        ➜ Explicit dependency on target 'LiveKitUniFFI' in project 'LiveKitUniFFI'
        ➜ Explicit dependency on target 'SwiftProtobuf' in project 'SwiftProtobuf'
    Target 'SwiftProtobuf' in project 'SwiftProtobuf'
        ➜ Explicit dependency on target 'SwiftProtobuf' in project 'SwiftProtobuf'
        ➜ Explicit dependency on target 'SwiftProtobuf_SwiftProtobuf' in project 'SwiftProtobuf'
    Target 'SwiftProtobuf' in project 'SwiftProtobuf'
        ➜ Explicit dependency on target 'SwiftProtobuf_SwiftProtobuf' in project 'SwiftProtobuf'
    Target 'SwiftProtobuf_SwiftProtobuf' in project 'SwiftProtobuf' (no dependencies)
    Target 'LiveKitUniFFI' in project 'LiveKitUniFFI'
        ➜ Explicit dependency on target 'LiveKitUniFFI' in project 'LiveKitUniFFI'
    Target 'LiveKitUniFFI' in project 'LiveKitUniFFI' (no dependencies)
    Target 'LiveKitWebRTC' in project 'LiveKitWebRTC' (no dependencies)
    Target 'LKObjCHelpers' in project 'LiveKit' (no dependencies)
    Target 'LiveKit_LiveKit' in project 'LiveKit' (no dependencies)

GatherProvisioningInputs

CreateBuildDescription

ExecuteExternalTool /Applications/Xcode.app/Contents/Developer/Toolchains/XcodeDefault.xctoolchain/usr/bin/swiftc --version

ExecuteExternalTool /Applications/Xcode.app/Contents/Developer/Toolchains/XcodeDefault.xctoolchain/usr/bin/clang -v -E -dM -arch arm64 -isysroot /Applications/Xcode.app/Contents/Developer/Platforms/iPhoneOS.platform/Developer/SDKs/iPhoneOS26.5.sdk -x objective-c -c /dev/null

ExecuteExternalTool /Applications/Xcode.app/Contents/Developer/Toolchains/XcodeDefault.xctoolchain/usr/bin/clang -v -E -dM -arch arm64 -isysroot /Applications/Xcode.app/Contents/Developer/Platforms/iPhoneOS.platform/Developer/SDKs/iPhoneOS26.5.sdk -x c -c /dev/null

ExecuteExternalTool /Applications/Xcode.app/Contents/Developer/Toolchains/XcodeDefault.xctoolchain/usr/bin/clang -v -E -dM -isysroot /Applications/Xcode.app/Contents/Developer/Platforms/iPhoneOS.platform/Developer/SDKs/iPhoneOS26.5.sdk -x c -c /dev/null

ExecuteExternalTool /Applications/Xcode.app/Contents/Developer/usr/bin/actool --print-asset-tag-combinations --output-format xml1 /Users/mh/orca/workspaces/sonar-live-audio/sonar/Resources/Assets.xcassets

ExecuteExternalTool /Applications/Xcode.app/Contents/Developer/Toolchains/XcodeDefault.xctoolchain/usr/bin/ld -version_details

ReadFileContents /Applications/Xcode.app/Contents/Developer/Toolchains/XcodeDefault.xctoolchain/usr/share/docc/features.json

ExecuteExternalTool /Applications/Xcode.app/Contents/Developer/usr/bin/actool --version --output-format xml1

Build description signature: 325627d2ffca12af48731ec497ef0431
Build description path: /Users/mh/orca/workspaces/sonar-live-audio/build/dev/Build/Intermediates.noindex/XCBuildData/325627d2ffca12af48731ec497ef0431.xcbuilddata
/Users/mh/orca/workspaces/sonar-live-audio/Sonar.xcodeproj: error: No Accounts: Add a new account in Accounts settings. (in target 'Sonar' from project 'Sonar')
/Users/mh/orca/workspaces/sonar-live-audio/Sonar.xcodeproj: error: No profiles for 'app.sonar.ios' were found: Xcode couldn't find any iOS App Development provisioning profiles matching 'app.sonar.ios'. (in target 'Sonar' from project 'Sonar')
** BUILD FAILED **


The following build commands failed:
	Building project Sonar with scheme Sonar and configuration Debug
(1 failure)
